// Jest Snapshot v1, https://jestjs.io/docs/snapshot-testing

exports[`cleans the SVG even when translate was rolled back 1`] = `"<svg viewBox="5 5 10 10" xmlns="http://www.w3.org/2000/svg"><rect x="5" y="5" width="10" height="10" unsupported="abc"/></svg>"`;

exports[`translates coordinates after cropping 1`] = `"<svg xmlns="http://www.w3.org/2000/svg" viewBox="0 0 24 24"><path d="M0 0H24V24H0z"/></svg>"`;
